
> vite_react_shadcn_ts@0.0.0 build
> vite build

[36mvite v5.4.21 [32mbuilding for production...[36m[39m
transforming...
[32mÔ£ô[39m 2632 modules transformed.
rendering chunks...
computing gzip size...
[2mdist/[22m[32mindex.html                            [39m[1m[2m  1.50 kB[22m[1m[22m[2m Ôöé gzip:   0.61 kB[22m
[2mdist/[22m[35massets/QCore-Fd0xVSp_.css             [39m[1m[2m  7.04 kB[22m[1m[22m[2m Ôöé gzip:   1.58 kB[22m
[2mdist/[22m[35massets/index-DJQGB-zy.css             [39m[1m[2m 67.95 kB[22m[1m[22m[2m Ôöé gzip:  11.94 kB[22m
[2mdist/[22m[36massets/lock-DwZeyIis.js               [39m[1m[2m  0.38 kB[22m[1m[22m[2m Ôöé gzip:   0.29 kB[22m
[2mdist/[22m[36massets/activity-C5afl1aw.js           [39m[1m[2m  0.40 kB[22m[1m[22m[2m Ôöé gzip:   0.30 kB[22m
[2mdist/[22m[36massets/globe-BteQmgpN.js              [39m[1m[2m  0.41 kB[22m[1m[22m[2m Ôöé gzip:   0.29 kB[22m
[2mdist/[22m[36massets/chart-column-CZshZisT.js       [39m[1m[2m  0.42 kB[22m[1m[22m[2m Ôöé gzip:   0.30 kB[22m
[2mdist/[22m[36massets/eye-Cykh2Ohz.js                [39m[1m[2m  0.42 kB[22m[1m[22m[2m Ôöé gzip:   0.30 kB[22m
[2mdist/[22m[36massets/zap-tDplPoQg.js                [39m[1m[2m  0.43 kB[22m[1m[22m[2m Ôöé gzip:   0.31 kB[22m
[2mdist/[22m[36massets/shield-gW59EwdS.js             [39m[1m[2m  0.44 kB[22m[1m[22m[2m Ôöé gzip:   0.33 kB[22m
[2mdist/[22m[36massets/house-B6Lezk0w.js              [39m[1m[2m  0.46 kB[22m[1m[22m[2m Ôöé gzip:   0.32 kB[22m
[2mdist/[22m[36massets/clock-WHmzIDjK.js              [39m[1m[2m  0.64 kB[22m[1m[22m[2m Ôöé gzip:   0.31 kB[22m
[2mdist/[22m[36massets/cpu-Bj1MCqaO.js                [39m[1m[2m  0.67 kB[22m[1m[22m[2m Ôöé gzip:   0.36 kB[22m
[2mdist/[22m[36massets/sparkles-jBVIKx2o.js           [39m[1m[2m  0.68 kB[22m[1m[22m[2m Ôöé gzip:   0.40 kB[22m
[2mdist/[22m[36massets/SovereignEye-JwcIzvJg.js       [39m[1m[2m  1.04 kB[22m[1m[22m[2m Ôöé gzip:   0.57 kB[22m
[2mdist/[22m[36massets/statusMeta-9tZjr2m6.js         [39m[1m[2m  1.71 kB[22m[1m[22m[2m Ôöé gzip:   0.70 kB[22m
[2mdist/[22m[36massets/storageValidation-Bv0UZxlJ.js  [39m[1m[2m  2.71 kB[22m[1m[22m[2m Ôöé gzip:   0.96 kB[22m
[2mdist/[22m[36massets/workspaceRegistry-DHeqitnC.js  [39m[1m[2m  2.73 kB[22m[1m[22m[2m Ôöé gzip:   1.45 kB[22m
[2mdist/[22m[36massets/button-aKEr3sVX.js             [39m[1m[2m  2.97 kB[22m[1m[22m[2m Ôöé gzip:   1.33 kB[22m
[2mdist/[22m[36massets/QAnalytics-DWjECfSX.js         [39m[1m[2m  7.41 kB[22m[1m[22m[2m Ôöé gzip:   2.58 kB[22m
[2mdist/[22m[36massets/SovereignPage-gnAoAHTj.js      [39m[1m[2m  8.10 kB[22m[1m[22m[2m Ôöé gzip:   2.24 kB[22m
[2mdist/[22m[36massets/Galaxy-EF-mEy2R.js             [39m[1m[2m  8.48 kB[22m[1m[22m[2m Ôöé gzip:   3.15 kB[22m
[2mdist/[22m[36massets/string-Zw72-cwC.js             [39m[1m[2m  8.67 kB[22m[1m[22m[2m Ôöé gzip:   3.78 kB[22m
[2mdist/[22m[36massets/Index-Ce2qr7W1.js              [39m[1m[2m 10.01 kB[22m[1m[22m[2m Ôöé gzip:   2.98 kB[22m
[2mdist/[22m[36massets/NavigationMap-BMIfGEeZ.js      [39m[1m[2m 11.06 kB[22m[1m[22m[2m Ôöé gzip:   3.07 kB[22m
[2mdist/[22m[36massets/QNetwork-Doa_FprU.js           [39m[1m[2m 12.52 kB[22m[1m[22m[2m Ôöé gzip:   4.11 kB[22m
[2mdist/[22m[36massets/ExecutiveChat-BJ8hTPN0.js      [39m[1m[2m 16.68 kB[22m[1m[22m[2m Ôöé gzip:   7.30 kB[22m
[2mdist/[22m[36massets/QCore-DbmadmXe.js              [39m[1m[2m178.45 kB[22m[1m[22m[2m Ôöé gzip:  56.43 kB[22m
[2mdist/[22m[36massets/index-68ue7UcK.js              [39m[1m[2m320.92 kB[22m[1m[22m[2m Ôöé gzip: 104.15 kB[22m
[2mdist/[22m[36massets/SamArman-iCfliqJZ.js           [39m[1m[2m407.87 kB[22m[1m[22m[2m Ôöé gzip: 109.70 kB[22m
[32mÔ£ô built in 6m 30s[39m
